    4-square module
=======================


>>> print(__import__("4-square").Square.__doc__)
 This is a Square Class 

>>> Square = __import__('4-square').Square


>>> my_square = Square()

>>> print(type(my_square))
<class '4-square.Square'>

>>> my_square = Square(3)

>>> print(my_square.__dict__)
{'_Square__size': 3}

>>> print(my_square.size)
3

>>> print(my_square.__size)
Traceback (most recent call last):
		  ...
AttributeError: 'Square' object has no attribute '__size'

>>> my_square = Square(4, 5, 6, 7)
Traceback (most recent call last):
		  ...
TypeError: __init__() takes from 1 to 2 positional arguments but 5 were given

>>> my_square = Square()

>>> print(my_square.__dict__)
{'_Square__size': 0}

>>> my_square = Square("3")
Traceback (most recent call last):
		  ...
TypeError: size must be an integer

>>> my_square = Square(-89)
Traceback (most recent call last):
		  ...
ValueError: size must be >= 0

>>> my_square = Square(5)


>>> my_square.area()
25

>>> my_square.size
5
