>>> matrix_divided = __import__('2-matrix_divided').matrix_divided

# define matrix
>>> matrix = [[1, 2, 3], [4, 5, 6]]

# divide by 3
>>> print(matrix_divided(matrix, 3))
[[0.33, 0.67, 1.0], [1.33, 1.67, 2.0]]

# divid by 1.5
>>> print(matrix_divided(matrix, 1.5))
[[0.67, 1.33, 2.0], [2.67, 3.33, 4.0]]

# divide by "hi"
>>> print(matrix_divided(matrix, "Hi"))
Traceback (most recent call last):
		  ...
TypeError: div must be a number

# force error divide by 0
>>> print(matrix_divided(matrix, 0))
Traceback (most recent call last):
		  ...
ZeroDivisionError: division by zero

redefine matrix
>>> matrix = [[1, 2, 3], [4, 6]]

force error asymettrical matrix
>>> print(matrix_divided(matrix, 2))
Traceback (most recent call last):
		  ...
TypeError: Each row of the matrix must have the same size
