>>> say_my_name = __import__('3-say_my_name').say_my_name

# say_my_name str and str
>>> say_my_name("daffy", "duck")
My name is daffy duck

# say_my_name str and None
>>> say_my_name("eminem", None)
Traceback (most recent call last):
		  ...
TypeError: last_name must be a string

# say_my_name None and str
>>> say_my_name(None, "scrooge")
Traceback (most recent call last):
		  ...
TypeError: first_name must be a string

# say_my_name [empty] and [empty]
>>> say_my_name()
Traceback (most recent call last):
		  ...
TypeError: say_my_name() missing 1 required positional argument: 'first_name'

# say_my_name num and num
>>> say_my_name(5, 6)
Traceback (most recent call last):
		  ...
TypeError: first_name must be a string

# say_my_name num and str
>>> say_my_name(8, "hey")
Traceback (most recent call last):
		  ...
TypeError: first_name must be a string

# say_my_name str and num
>>> say_my_name("this", 8)
Traceback (most recent call last):
		  ...
TypeError: last_name must be a string

# say_my_name str empty
>>> say_my_name("jonas", )
My name is jonas 
